
> resindb-pro-by-sunhj@3.0.0 build
> vite build

[36mvite v7.3.6 [32mbuilding client environment for production...[36m[39m
transforming...
[32m✓[39m 4122 modules transformed.
rendering chunks...
computing gzip size...
[2mdist/[22m[2massets/[22m[32marrheniusWorker-DYcThrhc.js          [39m[1m[2m    0.95 kB[22m[1m[22m
[2mdist/[22m[2massets/[22m[32mweibullWorker-Cq9j3oKz.js            [39m[1m[2m    1.00 kB[22m[1m[22m
[2mdist/[22m[2massets/[22m[32mkdeWorker-BGBLqfeU.js                [39m[1m[2m    1.15 kB[22m[1m[22m
[2mdist/[22m[2massets/[22m[32mspearmanWorker-8D2Rzb_k.js           [39m[1m[2m    1.28 kB[22m[1m[22m
[2mdist/[22m[2massets/[22m[32mparetoWorker-DZL_dRxc.js             [39m[1m[2m    1.29 kB[22m[1m[22m
[2mdist/[22m[2massets/[22m[32msimilarityWorker-BF8w8J_Q.js         [39m[1m[2m    1.31 kB[22m[1m[22m
[2mdist/[22m[2massets/[22m[32mkineticsWorker-CB09sfC3.js           [39m[1m[2m    1.42 kB[22m[1m[22m
[2mdist/[22m[2massets/[22m[32mspcWorker-B-i46fEu.js                [39m[1m[2m    1.64 kB[22m[1m[22m
[2mdist/[22m[2massets/[22m[32mwlfWorker-BJ4PIV45.js                [39m[1m[2m    1.82 kB[22m[1m[22m
[2mdist/[22m[2massets/[22m[32mcarreauWorker-BsDMZ3T-.js            [39m[1m[2m    1.82 kB[22m[1m[22m
[2mdist/[22m[2massets/[22m[32mfeatureImportanceWorker-DbCpItSr.js  [39m[1m[2m    1.87 kB[22m[1m[22m
[2mdist/[22m[2massets/[22m[32mcopulaWorker-BrMHtQq7.js             [39m[1m[2m    1.99 kB[22m[1m[22m
[2mdist/[22m[2massets/[22m[32mrsmWorker-BR0FHLGQ.js                [39m[1m[2m    2.08 kB[22m[1m[22m
[2mdist/[22m[2massets/[22m[32mmahalanobisWorker-ELEpq1Xx.js        [39m[1m[2m    2.15 kB[22m[1m[22m
[2mdist/[22m[2massets/[22m[32mkmeansWorker-CxS1gFo_.js             [39m[1m[2m    2.16 kB[22m[1m[22m
[2mdist/[22m[2massets/[22m[32mpronyWorker-D2g2Bdnb.js              [39m[1m[2m    2.23 kB[22m[1m[22m
[2mdist/[22m[32mindex.html                                  [39m[1m[2m    2.46 kB[22m[1m[22m[2m │ gzip:   1.09 kB[22m
[2mdist/[22m[2massets/[22m[32mdataQualityWorker-Drg3VUPb.js        [39m[1m[2m    2.94 kB[22m[1m[22m
[2mdist/[22m[2massets/[22m[32mmooWorker-CI3751mo.js                [39m[1m[2m    3.12 kB[22m[1m[22m
[2mdist/[22m[2massets/[22m[32mbayesWorker-CvuiNS80.js              [39m[1m[2m    3.58 kB[22m[1m[22m
[2mdist/[22m[2massets/[22m[32mforecastingWorker-p63fiiLf.js        [39m[1m[2m    4.45 kB[22m[1m[22m
[2mdist/[22m[2massets/[22m[32mhistoryWorker-BVWJePSa.js            [39m[1m[2m    4.83 kB[22m[1m[22m
[2mdist/[22m[2massets/[22m[32mmonteCarloWorker-DPZhPmbQ.js         [39m[1m[2m    9.10 kB[22m[1m[22m
[2mdist/[22m[2massets/[22m[32msobolWorker-DzhbQvqS.js              [39m[1m[2m    9.47 kB[22m[1m[22m
[2mdist/[22m[2massets/[22m[32mdataWorker-CKuD00f7.js               [39m[1m[2m   44.53 kB[22m[1m[22m
[2mdist/[22m[2massets/[22m[35mindex-BT_-KzAB.css                   [39m[1m[2m  227.83 kB[22m[1m[22m[2m │ gzip:  28.75 kB[22m
[2mdist/[22m[2massets/[22m[36mCopulaChart-DV6cFWFH.js              [39m[1m[2m    1.47 kB[22m[1m[22m[2m │ gzip:   0.83 kB[22m
[2mdist/[22m[2massets/[22m[36mFeatureImportanceChart-B_mKkqjj.js   [39m[1m[2m    1.49 kB[22m[1m[22m[2m │ gzip:   0.84 kB[22m
[2mdist/[22m[2massets/[22m[36mWlfTtsChart-BZvlH9yr.js              [39m[1m[2m    1.51 kB[22m[1m[22m[2m │ gzip:   0.86 kB[22m
[2mdist/[22m[2massets/[22m[36mKdeTopologyChart-v5-PEkvN.js         [39m[1m[2m    1.52 kB[22m[1m[22m[2m │ gzip:   0.88 kB[22m
[2mdist/[22m[2massets/[22m[36mPronyChart-B7l2Vgcc.js               [39m[1m[2m    1.63 kB[22m[1m[22m[2m │ gzip:   0.84 kB[22m
[2mdist/[22m[2massets/[22m[36mArrheniusChart-BvI_Q30U.js           [39m[1m[2m    1.68 kB[22m[1m[22m[2m │ gzip:   0.94 kB[22m
[2mdist/[22m[2massets/[22m[36mSobolChart-q_mSav1O.js               [39m[1m[2m    1.85 kB[22m[1m[22m[2m │ gzip:   0.95 kB[22m
[2mdist/[22m[2massets/[22m[36mSpcChart-DESTO_Sa.js                 [39m[1m[2m    1.88 kB[22m[1m[22m[2m │ gzip:   1.01 kB[22m
[2mdist/[22m[2massets/[22m[36mWeibullChart-CPYQgg4c.js             [39m[1m[2m    1.92 kB[22m[1m[22m[2m │ gzip:   1.02 kB[22m
[2mdist/[22m[2massets/[22m[36mSimilarityGraph-CTbfY2Kw.js          [39m[1m[2m    1.97 kB[22m[1m[22m[2m │ gzip:   1.04 kB[22m
[2mdist/[22m[2massets/[22m[36mMahalanobisChart-fWMH7YxE.js         [39m[1m[2m    2.08 kB[22m[1m[22m[2m │ gzip:   1.19 kB[22m
[2mdist/[22m[2massets/[22m[36mRsmHeatmapChart-Cy6TSKP5.js          [39m[1m[2m    2.22 kB[22m[1m[22m[2m │ gzip:   1.07 kB[22m
[2mdist/[22m[2massets/[22m[36mKineticsChart-DVEQ-ltp.js            [39m[1m[2m    2.36 kB[22m[1m[22m[2m │ gzip:   1.15 kB[22m
[2mdist/[22m[2massets/[22m[36mMooChart-BZJjl5kZ.js                 [39m[1m[2m    2.49 kB[22m[1m[22m[2m │ gzip:   1.17 kB[22m
[2mdist/[22m[2massets/[22m[36mBayesChart-CXkx-nc9.js               [39m[1m[2m    2.85 kB[22m[1m[22m[2m │ gzip:   1.22 kB[22m
[2mdist/[22m[2massets/[22m[36mCorrelationMatrix-BH7G3uMy.js        [39m[1m[2m    3.09 kB[22m[1m[22m[2m │ gzip:   1.32 kB[22m
[2mdist/[22m[2massets/[22m[36mDependencyMapD3-DzM8rFN2.js          [39m[1m[2m    3.34 kB[22m[1m[22m[2m │ gzip:   1.68 kB[22m
[2mdist/[22m[2massets/[22m[36mHistoryDrawer--4eX3lJa.js            [39m[1m[2m    3.82 kB[22m[1m[22m[2m │ gzip:   1.43 kB[22m
[2mdist/[22m[2massets/[22m[36mOnboardingTour-DPsV_AAA.js           [39m[1m[2m    3.82 kB[22m[1m[22m[2m │ gzip:   1.80 kB[22m
[2mdist/[22m[2massets/[22m[36mShortcutsModal-DrfJugx2.js           [39m[1m[2m    4.13 kB[22m[1m[22m[2m │ gzip:   1.61 kB[22m
[2mdist/[22m[2massets/[22m[36mHelpModal-CwbdbpS0.js                [39m[1m[2m    4.76 kB[22m[1m[22m[2m │ gzip:   1.73 kB[22m
[2mdist/[22m[2massets/[22m[36mFeedbackModal-SRNEgL3t.js            [39m[1m[2m    5.07 kB[22m[1m[22m[2m │ gzip:   2.15 kB[22m
[2mdist/[22m[2massets/[22m[36mRheologyGraph-UiKcSmuJ.js            [39m[1m[2m    5.19 kB[22m[1m[22m[2m │ gzip:   2.18 kB[22m
[2mdist/[22m[2massets/[22m[36mBetaSandboxView-Co1QXW7X.js          [39m[1m[2m    5.41 kB[22m[1m[22m[2m │ gzip:   2.49 kB[22m
[2mdist/[22m[2massets/[22m[36mCanvasScatterGraph-Dmv01zFO.js       [39m[1m[2m    5.53 kB[22m[1m[22m[2m │ gzip:   2.57 kB[22m
[2mdist/[22m[2massets/[22m[36mDatabaseSyncModal-KCUIGD9C.js        [39m[1m[2m    5.53 kB[22m[1m[22m[2m │ gzip:   2.26 kB[22m
[2mdist/[22m[2massets/[22m[36mSmartExportModal-BqTcoJYq.js         [39m[1m[2m    6.50 kB[22m[1m[22m[2m │ gzip:   2.01 kB[22m
[2mdist/[22m[2massets/[22m[36mSystemHealthModal-D_v-T_Wd.js        [39m[1m[2m    6.66 kB[22m[1m[22m[2m │ gzip:   2.48 kB[22m
[2mdist/[22m[2massets/[22m[36mCommandPalette-CL3v9T4P.js           [39m[1m[2m    8.37 kB[22m[1m[22m[2m │ gzip:   2.83 kB[22m
[2mdist/[22m[2massets/[22m[36mDataQualityAuditModal-JDQ3VYYy.js    [39m[1m[2m    8.92 kB[22m[1m[22m[2m │ gzip:   1.99 kB[22m
[2mdist/[22m[2massets/[22m[36mFilterPanel-BEUz5GVE.js              [39m[1m[2m    9.29 kB[22m[1m[22m[2m │ gzip:   2.62 kB[22m
[2mdist/[22m[2massets/[22m[36mBatchEditModal-B1FhLWmn.js           [39m[1m[2m    9.36 kB[22m[1m[22m[2m │ gzip:   2.95 kB[22m
[2mdist/[22m[2massets/[22m[36mPivotView-KLX0bHKZ.js                [39m[1m[2m   10.04 kB[22m[1m[22m[2m │ gzip:   3.24 kB[22m
[2mdist/[22m[2massets/[22m[36mBulkTaggingModal-CMj8ckwT.js         [39m[1m[2m   11.81 kB[22m[1m[22m[2m │ gzip:   4.13 kB[22m
[2mdist/[22m[2massets/[22m[36mBulkReorderModal-ItLlCqrN.js         [39m[1m[2m   13.84 kB[22m[1m[22m[2m │ gzip:   3.87 kB[22m
[2mdist/[22m[2massets/[22m[36mAdminModal-C8lfSFnn.js               [39m[1m[2m   18.63 kB[22m[1m[22m[2m │ gzip:   4.41 kB[22m
[2mdist/[22m[2massets/[22m[36mComparisonView-DnBh6Rzq.js           [39m[1m[2m   22.25 kB[22m[1m[22m[2m │ gzip:   6.52 kB[22m
[2mdist/[22m[2massets/[22m[36mQaReportModal-DpXVpltW.js            [39m[1m[2m   31.56 kB[22m[1m[22m[2m │ gzip:   8.94 kB[22m
[2mdist/[22m[2massets/[22m[36mProductDetailDrawer-DeKPQUfK.js      [39m[1m[2m   39.51 kB[22m[1m[22m[2m │ gzip:  10.98 kB[22m
[2mdist/[22m[2massets/[22m[36mImportModal-D3ncYBny.js              [39m[1m[2m   49.10 kB[22m[1m[22m[2m │ gzip:  13.65 kB[22m
[2mdist/[22m[2massets/[22m[36mFormulaEditorModal-BHwXeoEc.js       [39m[1m[2m   76.15 kB[22m[1m[22m[2m │ gzip:  19.97 kB[22m
[2mdist/[22m[2massets/[22m[36mvendor-ui-libs-Cl1DTXTl.js           [39m[1m[2m  169.64 kB[22m[1m[22m[2m │ gzip:  55.59 kB[22m
[2mdist/[22m[2massets/[22m[36mAnalyticsView-B92YFHz1.js            [39m[1m[2m  249.03 kB[22m[1m[22m[2m │ gzip:  59.59 kB[22m
[2mdist/[22m[2massets/[22m[36mindex-gewbbX5h.js                    [39m[1m[2m  455.00 kB[22m[1m[22m[2m │ gzip: 133.53 kB[22m
[2mdist/[22m[2massets/[22m[36mvendor-B7X7DrCP.js                   [39m[1m[2m1,441.20 kB[22m[1m[22m[2m │ gzip: 454.57 kB[22m
[2mdist/[22m[2massets/[22m[36mvendor-echarts-CsBPuMEh.js           [39m[1m[2m1,470.32 kB[22m[1m[22m[2m │ gzip: 465.26 kB[22m
[32m✓ built in 10.97s[39m
